{
    "since": 250,
    "count": 8,
    "requestedCount": 25,
    "changes": [
        {
            "id": "096e38032896a847682651d565966c45",
            "sequence": 251,
            "deleted": false,
            "data": {
                "TRACKING": null,
                "active": true,
                "activefrom": null,
                "activeto": null,
                "attributeFloat": [],
                "attributeInt": [],
                "attributeStr": [
                    {
                        "id": "943d32fd45d6eba3e5c8cce511cc0e74",
                        "title": "Gr\u00f6\u00dfe",
                        "value": "W 34\/L 34"
                    },
                    {
                        "id": "9438ac75bac3e344628b14bf7ed82c15",
                        "title": "Farbe",
                        "value": "Schwarz"
                    },
                    {
                        "id": "d248453369cf82a6a64617f1357089c5",
                        "title": "Gr\u00f6\u00dfe  (VarSelect)",
                        "value": "W 34\/L 34"
                    },
                    {
                        "id": "16fd55d02a23f31097ca58eccfeec97c",
                        "title": "Farbe  (VarSelect)",
                        "value": "Schwarz"
                    }
                ],
                "attributes": [],
                "category": [
                    {
                        "catid": "d8665fef35f4d528e92c3d664f4a00c0",
                        "title": "Jeans",
                        "shopid": 1,
                        "pos": 0,
                        "path": "Bekleidung\/Fashion\/F\u00fcr Ihn\/Jeans\/"
                    }
                ],
                "ean": "0802-85-823-12",
                "es_id": "",
                "hidden": false,
                "id": "096e38032896a847682651d565966c45",
                "insert": "XXXX-XX-XX",
                "isPseudo": false,
                "isVariant": true,
                "longdesc": "Die trendige und frische Herrenjeans von Kuyichi. L\u00e4ssige Jeans mit\r\nRei\u00dfverschlu\u00df \u00fcber der Hosentasche, geradem und engem Beinschnitt.<br \/>\r\n<br \/><strong>100% \u00f6kologisch angebaute Baumwolle, 100% Fair Trade.<\/strong><br \/>\r\n<br \/>",
                "maincategory": "d8665fef35f4d528e92c3d664f4a00c0",
                "maincategoryurl": "oxid\/Fashion\/Fuer-Ihn\/oxid-oxid\/",
                "mak_boost_norm_insert": 0,
                "mak_boost_norm_profit_margin": 0,
                "mak_boost_norm_rating": 0,
                "mak_boost_norm_revenue": 0,
                "mak_boost_norm_sold": 0,
                "manufacturer_title": "",
                "manufacturerid": "9434afb379a46d6c141de9c9e5b94fcf",
                "meta_description": "",
                "meta_keywords": "",
                "onstock": true,
                "parent": "",
                "picture_url_main": [],
                "price": 109,
                "rating": 0,
                "searchable": false,
                "searchkeys": "kuyichi,jeans,dunkel,l\u00e4ssig,frisch,gerade,locker",
                "selfLinks": {
                    "de": "oxid\/Fashion\/Fuer-Ihn\/oxid-oxid\/Kuyichi-Jeans-MICK.html",
                    "en": "en\/Gear\/Fashion\/For-Him\/Jeans\/Kuyichi-Jeans-MICK.html"
                },
                "shop": [
                    "1"
                ],
                "shortdesc": "L\u00e4ssige Jeans mit Rei\u00dfverschlu\u00df \u00fcber der Hosentasche, geradem und engem Beinschnitt",
                "soldamount": 0,
                "sort": 17000,
                "stock": 20,
                "suggest": [],
                "timestamp": "XXXX-XX-XX XX:XX:XX",
                "title": "Kuyichi Jeans MICK",
                "url": "X"
            },
            "type": "variant"
        },
        {
            "id": "096fec4cae008af69c9087228bd8af38",
            "sequence": 252,
            "deleted": false,
            "data": {
                "TRACKING": null,
                "active": false,
                "activefrom": null,
                "activeto": null,
                "attributeFloat": [],
                "attributeInt": [],
                "attributeStr": [
                    {
                        "id": "943d32fd45d6eba3e5c8cce511cc0e74",
                        "title": "Gr\u00f6\u00dfe",
                        "value": "W 31\/L 32"
                    },
                    {
                        "id": "9438ac75bac3e344628b14bf7ed82c15",
                        "title": "Farbe",
                        "value": "Blau"
                    },
                    {
                        "id": "d248453369cf82a6a64617f1357089c5",
                        "title": "Gr\u00f6\u00dfe  (VarSelect)",
                        "value": "W 31\/L 32"
                    },
                    {
                        "id": "16fd55d02a23f31097ca58eccfeec97c",
                        "title": "Farbe  (VarSelect)",
                        "value": "Blau"
                    }
                ],
                "attributes": [],
                "category": [
                    {
                        "catid": "d8665fef35f4d528e92c3d664f4a00c0",
                        "title": "Jeans",
                        "shopid": 1,
                        "pos": 0,
                        "path": "Bekleidung\/Fashion\/F\u00fcr Ihn\/Jeans\/"
                    }
                ],
                "ean": "0802-85-823-5-1",
                "es_id": "",
                "hidden": false,
                "id": "096fec4cae008af69c9087228bd8af38",
                "insert": "XXXX-XX-XX",
                "isPseudo": false,
                "isVariant": true,
                "longdesc": "<div style=\"font: 12px 'Lucida Grande',Lucida,Verdana,sans-serif\">Die trendige und frische Herrenjeans von Kuyichi. L\u00e4ssige Jeans mit Rei\u00dfverschlu\u00df \u00fcber der Hosentasche, geradem und engem Beinschnitt.<br \/>\r\n<br \/><strong>100% \u00f6kologisch angebaute Baumwolle, 100% Fair Trade.<\/strong><br \/>\r\n<br \/><br \/>\r\n<\/div>",
                "maincategory": "d8665fef35f4d528e92c3d664f4a00c0",
                "maincategoryurl": "oxid\/Fashion\/Fuer-Ihn\/oxid-oxid\/",
                "mak_boost_norm_insert": 0,
                "mak_boost_norm_profit_margin": 0,
                "mak_boost_norm_rating": 0,
                "mak_boost_norm_revenue": 0,
                "mak_boost_norm_sold": 0,
                "manufacturer_title": "",
                "manufacturerid": "9434afb379a46d6c141de9c9e5b94fcf",
                "meta_description": "",
                "meta_keywords": "",
                "onstock": true,
                "parent": "",
                "picture_url_main": [],
                "price": 109,
                "rating": 0,
                "searchable": false,
                "searchkeys": "kuyichi,jeans,dunkel,l\u00e4ssig,frisch,gerade,locker",
                "selfLinks": {
                    "de": "oxid\/Fashion\/Fuer-Ihn\/oxid-oxid\/Kuyichi-Jeans-MICK.html",
                    "en": "en\/Gear\/Fashion\/For-Him\/Jeans\/Kuyichi-Jeans-MICK.html"
                },
                "shop": [
                    "1"
                ],
                "shortdesc": "L\u00e4ssige Jeans mit Rei\u00dfverschlu\u00df \u00fcber der Hosentasche, geradem und engem Beinschnitt",
                "soldamount": 0,
                "sort": 10001,
                "stock": 0,
                "suggest": [],
                "timestamp": "XXXX-XX-XX XX:XX:XX",
                "title": "Kuyichi Jeans MICK",
                "url": "X"
            },
            "type": "variant"
        },
        {
            "id": "10002696d80479437dda4882c77b3bd8",
            "sequence": 253,
            "deleted": false,
            "data": {
                "TRACKING": null,
                "active": true,
                "activefrom": null,
                "activeto": null,
                "attributeFloat": [],
                "attributeInt": [],
                "attributeStr": [
                    {
                        "id": "d248453369cf82a6a64617f1357089c5",
                        "title": "Gr\u00f6\u00dfe  (VarSelect)",
                        "value": "M"
                    },
                    {
                        "id": "16fd55d02a23f31097ca58eccfeec97c",
                        "title": "Farbe  (VarSelect)",
                        "value": "orange"
                    }
                ],
                "attributes": [],
                "category": [
                    {
                        "catid": "d862abc1f98741797cf889eb4a9090ad",
                        "title": "Shirts & Co.",
                        "shopid": 1,
                        "pos": 0,
                        "path": "Bekleidung\/Fashion\/F\u00fcr Ihn\/Shirts & Co.\/"
                    }
                ],
                "ean": "3552-4",
                "es_id": "",
                "hidden": false,
                "id": "10002696d80479437dda4882c77b3bd8",
                "insert": "XXXX-XX-XX",
                "isPseudo": false,
                "isVariant": true,
                "longdesc": "<div><font face=\"Verdana\" size=\"2\">L\u00e4ssiges Shortsleeve f\u00fcr Herren mit dem Aufdruck \"ORGANIC TO THE BONE\".<\/font><\/div>\r\n<ul>\r\n<li><font face=\"Verdana\" size=\"2\">Fair Trade Produkt <br \/>\r\n<\/font><\/li>\r\n<li><font face=\"Verdana\" size=\"2\">100% organic<\/font><\/li><\/ul>\r\n",
                "maincategory": "d862abc1f98741797cf889eb4a9090ad",
                "maincategoryurl": "oxid\/Fashion\/Fuer-Ihn\/oxid\/",
                "mak_boost_norm_insert": 0,
                "mak_boost_norm_profit_margin": 0,
                "mak_boost_norm_rating": 0,
                "mak_boost_norm_revenue": 0,
                "mak_boost_norm_sold": 0,
                "manufacturer_title": "",
                "manufacturerid": "9434afb379a46d6c141de9c9e5b94fcf",
                "meta_description": "",
                "meta_keywords": "",
                "onstock": true,
                "parent": "",
                "picture_url_main": [],
                "price": 29.9,
                "rating": 0,
                "searchable": false,
                "searchkeys": "shirt, tiger, organic, men",
                "selfLinks": {
                    "de": "oxid\/Fashion\/Fuer-Ihn\/oxid\/Kuyichi-T-Shirt-TIGER.html",
                    "en": "en\/Gear\/Fashion\/For-Him\/Shirts-Co\/Kuyichi-T-Shirt-TIGER.html"
                },
                "shop": [
                    "1"
                ],
                "shortdesc": "L\u00e4ssiges Herrenshirt mit Aufdruck",
                "soldamount": 0,
                "sort": 2,
                "stock": 2,
                "suggest": [],
                "timestamp": "XXXX-XX-XX XX:XX:XX",
                "title": "Kuyichi T-Shirt TIGER",
                "url": "X"
            },
            "type": "variant"
        },
        {
            "id": "10049f9322cf8852f8d567e9662cb12c",
            "sequence": 254,
            "deleted": false,
            "data": {
                "TRACKING": null,
                "active": true,
                "activefrom": null,
                "activeto": null,
                "attributeFloat": [],
                "attributeInt": [],
                "attributeStr": [
                    {
                        "id": "d248453369cf82a6a64617f1357089c5",
                        "title": "Gr\u00f6\u00dfe  (VarSelect)",
                        "value": "L"
                    },
                    {
                        "id": "16fd55d02a23f31097ca58eccfeec97c",
                        "title": "Farbe  (VarSelect)",
                        "value": "grau"
                    }
                ],
                "attributes": [],
                "category": [
                    {
                        "catid": "d862abc1f98741797cf889eb4a9090ad",
                        "title": "Shirts & Co.",
                        "shopid": 1,
                        "pos": 0,
                        "path": "Bekleidung\/Fashion\/F\u00fcr Ihn\/Shirts & Co.\/"
                    }
                ],
                "ean": "3552-5",
                "es_id": "",
                "hidden": false,
                "id": "10049f9322cf8852f8d567e9662cb12c",
                "insert": "XXXX-XX-XX",
                "isPseudo": false,
                "isVariant": true,
                "longdesc": "<div><font face=\"Verdana\" size=\"2\">L\u00e4ssiges Shortsleeve f\u00fcr Herren mit dem Aufdruck \"ORGANIC TO THE BONE\".<\/font><\/div>\r\n<ul>\r\n<li><font face=\"Verdana\" size=\"2\">Fair Trade Produkt <br \/>\r\n<\/font><\/li>\r\n<li><font face=\"Verdana\" size=\"2\">100% organic<\/font><\/li><\/ul>\r\n",
                "maincategory": "d862abc1f98741797cf889eb4a9090ad",
                "maincategoryurl": "oxid\/Fashion\/Fuer-Ihn\/oxid\/",
                "mak_boost_norm_insert": 0,
                "mak_boost_norm_profit_margin": 0,
                "mak_boost_norm_rating": 0,
                "mak_boost_norm_revenue": 0,
                "mak_boost_norm_sold": 0,
                "manufacturer_title": "",
                "manufacturerid": "9434afb379a46d6c141de9c9e5b94fcf",
                "meta_description": "",
                "meta_keywords": "",
                "onstock": true,
                "parent": "",
                "picture_url_main": [],
                "price": 29.9,
                "rating": 0,
                "searchable": false,
                "searchkeys": "shirt, tiger, organic, men",
                "selfLinks": {
                    "de": "oxid\/Fashion\/Fuer-Ihn\/oxid\/Kuyichi-T-Shirt-TIGER.html",
                    "en": "en\/Gear\/Fashion\/For-Him\/Shirts-Co\/Kuyichi-T-Shirt-TIGER.html"
                },
                "shop": [
                    "1"
                ],
                "shortdesc": "L\u00e4ssiges Herrenshirt mit Aufdruck",
                "soldamount": 0,
                "sort": 3,
                "stock": 9,
                "suggest": [],
                "timestamp": "XXXX-XX-XX XX:XX:XX",
                "title": "Kuyichi T-Shirt TIGER",
                "url": "X"
            },
            "type": "variant"
        },
        {
            "id": "10067ab25bf275b7e68bc0431b204d24",
            "sequence": 255,
            "deleted": false,
            "data": {
                "TRACKING": null,
                "active": true,
                "activefrom": null,
                "activeto": null,
                "attributeFloat": [],
                "attributeInt": [],
                "attributeStr": [
                    {
                        "id": "d248453369cf82a6a64617f1357089c5",
                        "title": "Gr\u00f6\u00dfe  (VarSelect)",
                        "value": "L"
                    },
                    {
                        "id": "16fd55d02a23f31097ca58eccfeec97c",
                        "title": "Farbe  (VarSelect)",
                        "value": "orange"
                    }
                ],
                "attributes": [],
                "category": [
                    {
                        "catid": "d862abc1f98741797cf889eb4a9090ad",
                        "title": "Shirts & Co.",
                        "shopid": 1,
                        "pos": 0,
                        "path": "Bekleidung\/Fashion\/F\u00fcr Ihn\/Shirts & Co.\/"
                    }
                ],
                "ean": "3552-6",
                "es_id": "",
                "hidden": false,
                "id": "10067ab25bf275b7e68bc0431b204d24",
                "insert": "XXXX-XX-XX",
                "isPseudo": false,
                "isVariant": true,
                "longdesc": "<div><font face=\"Verdana\" size=\"2\">L\u00e4ssiges Shortsleeve f\u00fcr Herren mit dem Aufdruck \"ORGANIC TO THE BONE\".<\/font><\/div>\r\n<ul>\r\n<li><font face=\"Verdana\" size=\"2\">Fair Trade Produkt <br \/>\r\n<\/font><\/li>\r\n<li><font face=\"Verdana\" size=\"2\">100% organic<\/font><\/li><\/ul>\r\n",
                "maincategory": "d862abc1f98741797cf889eb4a9090ad",
                "maincategoryurl": "oxid\/Fashion\/Fuer-Ihn\/oxid\/",
                "mak_boost_norm_insert": 0,
                "mak_boost_norm_profit_margin": 0,
                "mak_boost_norm_rating": 0,
                "mak_boost_norm_revenue": 0,
                "mak_boost_norm_sold": 0,
                "manufacturer_title": "",
                "manufacturerid": "9434afb379a46d6c141de9c9e5b94fcf",
                "meta_description": "",
                "meta_keywords": "",
                "onstock": true,
                "parent": "",
                "picture_url_main": [],
                "price": 29.9,
                "rating": 0,
                "searchable": false,
                "searchkeys": "shirt, tiger, organic, men",
                "selfLinks": {
                    "de": "oxid\/Fashion\/Fuer-Ihn\/oxid\/Kuyichi-T-Shirt-TIGER.html",
                    "en": "en\/Gear\/Fashion\/For-Him\/Shirts-Co\/Kuyichi-T-Shirt-TIGER.html"
                },
                "shop": [
                    "1"
                ],
                "shortdesc": "L\u00e4ssiges Herrenshirt mit Aufdruck",
                "soldamount": 0,
                "sort": 3,
                "stock": 1,
                "suggest": [],
                "timestamp": "XXXX-XX-XX XX:XX:XX",
                "title": "Kuyichi T-Shirt TIGER",
                "url": "X"
            },
            "type": "variant"
        },
        {
            "id": "1008b12cef0476f5e941da460ba621e6",
            "sequence": 256,
            "deleted": false,
            "data": {
                "TRACKING": null,
                "active": true,
                "activefrom": null,
                "activeto": null,
                "attributeFloat": [],
                "attributeInt": [],
                "attributeStr": [
                    {
                        "id": "d248453369cf82a6a64617f1357089c5",
                        "title": "Gr\u00f6\u00dfe  (VarSelect)",
                        "value": "M"
                    },
                    {
                        "id": "16fd55d02a23f31097ca58eccfeec97c",
                        "title": "Farbe  (VarSelect)",
                        "value": "grau"
                    }
                ],
                "attributes": [],
                "category": [
                    {
                        "catid": "d862abc1f98741797cf889eb4a9090ad",
                        "title": "Shirts & Co.",
                        "shopid": 1,
                        "pos": 0,
                        "path": "Bekleidung\/Fashion\/F\u00fcr Ihn\/Shirts & Co.\/"
                    }
                ],
                "ean": "3552-3",
                "es_id": "",
                "hidden": false,
                "id": "1008b12cef0476f5e941da460ba621e6",
                "insert": "XXXX-XX-XX",
                "isPseudo": false,
                "isVariant": true,
                "longdesc": "<div><font face=\"Verdana\" size=\"2\">L\u00e4ssiges Shortsleeve f\u00fcr Herren mit dem Aufdruck \"ORGANIC TO THE BONE\".<\/font><\/div>\r\n<ul>\r\n<li><font face=\"Verdana\" size=\"2\">Fair Trade Produkt <br \/>\r\n<\/font><\/li>\r\n<li><font face=\"Verdana\" size=\"2\">100% organic<\/font><\/li><\/ul>\r\n",
                "maincategory": "d862abc1f98741797cf889eb4a9090ad",
                "maincategoryurl": "oxid\/Fashion\/Fuer-Ihn\/oxid\/",
                "mak_boost_norm_insert": 0,
                "mak_boost_norm_profit_margin": 0,
                "mak_boost_norm_rating": 0,
                "mak_boost_norm_revenue": 0,
                "mak_boost_norm_sold": 0,
                "manufacturer_title": "",
                "manufacturerid": "9434afb379a46d6c141de9c9e5b94fcf",
                "meta_description": "",
                "meta_keywords": "",
                "onstock": true,
                "parent": "",
                "picture_url_main": [],
                "price": 29.9,
                "rating": 0,
                "searchable": false,
                "searchkeys": "shirt, tiger, organic, men",
                "selfLinks": {
                    "de": "oxid\/Fashion\/Fuer-Ihn\/oxid\/Kuyichi-T-Shirt-TIGER.html",
                    "en": "en\/Gear\/Fashion\/For-Him\/Shirts-Co\/Kuyichi-T-Shirt-TIGER.html"
                },
                "shop": [
                    "1"
                ],
                "shortdesc": "L\u00e4ssiges Herrenshirt mit Aufdruck",
                "soldamount": 0,
                "sort": 2,
                "stock": 0,
                "suggest": [],
                "timestamp": "XXXX-XX-XX XX:XX:XX",
                "title": "Kuyichi T-Shirt TIGER",
                "url": "X"
            },
            "type": "variant"
        },
        {
            "id": "dc53d3c0ca2ae7c38bf51f3410da0bf8",
            "sequence": 257,
            "deleted": false,
            "data": {
                "TRACKING": null,
                "active": true,
                "activefrom": null,
                "activeto": null,
                "attributeFloat": [],
                "attributeInt": [],
                "attributeStr": [
                    {
                        "id": "9438ac75bac3e344628b14bf7ed82c15",
                        "title": "Farbe",
                        "value": "grau"
                    },
                    {
                        "id": "d248453369cf82a6a64617f1357089c5",
                        "title": "Gr\u00f6\u00dfe  (VarSelect)",
                        "value": "S"
                    },
                    {
                        "id": "16fd55d02a23f31097ca58eccfeec97c",
                        "title": "Farbe  (VarSelect)",
                        "value": "grau"
                    }
                ],
                "attributes": [],
                "category": [
                    {
                        "catid": "d862abc1f98741797cf889eb4a9090ad",
                        "title": "Shirts & Co.",
                        "shopid": 1,
                        "pos": 0,
                        "path": "Bekleidung\/Fashion\/F\u00fcr Ihn\/Shirts & Co.\/"
                    }
                ],
                "ean": "3552-1",
                "es_id": "",
                "hidden": false,
                "id": "dc53d3c0ca2ae7c38bf51f3410da0bf8",
                "insert": "XXXX-XX-XX",
                "isPseudo": false,
                "isVariant": true,
                "longdesc": "<div><font face=\"Verdana\" size=\"2\">L\u00e4ssiges Shortsleeve f\u00fcr Herren mit dem Aufdruck \"ORGANIC TO THE BONE\".<\/font><\/div>\r\n<ul>\r\n<li><font face=\"Verdana\" size=\"2\">Fair Trade Produkt <br \/>\r\n<\/font><\/li>\r\n<li><font face=\"Verdana\" size=\"2\">100% organic<\/font><\/li><\/ul>\r\n",
                "maincategory": "d862abc1f98741797cf889eb4a9090ad",
                "maincategoryurl": "oxid\/Fashion\/Fuer-Ihn\/oxid\/",
                "mak_boost_norm_insert": 0,
                "mak_boost_norm_profit_margin": 0,
                "mak_boost_norm_rating": 0,
                "mak_boost_norm_revenue": 0,
                "mak_boost_norm_sold": 0,
                "manufacturer_title": "",
                "manufacturerid": "9434afb379a46d6c141de9c9e5b94fcf",
                "meta_description": "",
                "meta_keywords": "",
                "onstock": true,
                "parent": "",
                "picture_url_main": [],
                "price": 29.9,
                "rating": 0,
                "searchable": false,
                "searchkeys": "shirt, tiger, organic, men",
                "selfLinks": {
                    "de": "oxid\/Fashion\/Fuer-Ihn\/oxid\/Kuyichi-T-Shirt-TIGER.html",
                    "en": "en\/Gear\/Fashion\/For-Him\/Shirts-Co\/Kuyichi-T-Shirt-TIGER.html"
                },
                "shop": [
                    "1"
                ],
                "shortdesc": "L\u00e4ssiges Herrenshirt mit Aufdruck",
                "soldamount": 0,
                "sort": 1,
                "stock": 33,
                "suggest": [],
                "timestamp": "XXXX-XX-XX XX:XX:XX",
                "title": "Kuyichi T-Shirt TIGER",
                "url": "X"
            },
            "type": "variant"
        },
        {
            "id": "dc5ae3d43f96269ed3c62172e383be40",
            "sequence": 258,
            "deleted": false,
            "data": {
                "TRACKING": null,
                "active": true,
                "activefrom": null,
                "activeto": null,
                "attributeFloat": [],
                "attributeInt": [],
                "attributeStr": [
                    {
                        "id": "9438ac75bac3e344628b14bf7ed82c15",
                        "title": "Farbe",
                        "value": "orange"
                    },
                    {
                        "id": "d248453369cf82a6a64617f1357089c5",
                        "title": "Gr\u00f6\u00dfe  (VarSelect)",
                        "value": "S"
                    },
                    {
                        "id": "16fd55d02a23f31097ca58eccfeec97c",
                        "title": "Farbe  (VarSelect)",
                        "value": "orange"
                    }
                ],
                "attributes": [],
                "category": [
                    {
                        "catid": "d862abc1f98741797cf889eb4a9090ad",
                        "title": "Shirts & Co.",
                        "shopid": 1,
                        "pos": 0,
                        "path": "Bekleidung\/Fashion\/F\u00fcr Ihn\/Shirts & Co.\/"
                    }
                ],
                "ean": "3552-2",
                "es_id": "",
                "hidden": false,
                "id": "dc5ae3d43f96269ed3c62172e383be40",
                "insert": "XXXX-XX-XX",
                "isPseudo": false,
                "isVariant": true,
                "longdesc": "<div>L\u00e4ssiges Shortsleeve f\u00fcr Herren mit dem Aufdruck \"ORGANIC TO THE BONE\".<\/div>\r\n<ul>\r\n<li>Fair Trade Produkt <br \/>\r\n<\/li>\r\n<li>100% organic<\/li><\/ul>",
                "maincategory": "d862abc1f98741797cf889eb4a9090ad",
                "maincategoryurl": "oxid\/Fashion\/Fuer-Ihn\/oxid\/",
                "mak_boost_norm_insert": 0,
                "mak_boost_norm_profit_margin": 0,
                "mak_boost_norm_rating": 0,
                "mak_boost_norm_revenue": 0,
                "mak_boost_norm_sold": 0,
                "manufacturer_title": "",
                "manufacturerid": "9434afb379a46d6c141de9c9e5b94fcf",
                "meta_description": "",
                "meta_keywords": "",
                "onstock": true,
                "parent": "",
                "picture_url_main": [],
                "price": 29.9,
                "rating": 0,
                "searchable": false,
                "searchkeys": "shirt, tiger, organic, men",
                "selfLinks": {
                    "de": "oxid\/Fashion\/Fuer-Ihn\/oxid\/Kuyichi-T-Shirt-TIGER.html",
                    "en": "en\/Gear\/Fashion\/For-Him\/Shirts-Co\/Kuyichi-T-Shirt-TIGER.html"
                },
                "shop": [
                    "1"
                ],
                "shortdesc": "L\u00e4ssiges Herrenshirt mit Aufdruck",
                "soldamount": 0,
                "sort": 1,
                "stock": 44,
                "suggest": [],
                "timestamp": "XXXX-XX-XX XX:XX:XX",
                "title": "Kuyichi T-Shirt TIGER",
                "url": "X"
            },
            "type": "variant"
        }
    ]
}